Γû▓ Next.js 16.1.6 (Turbopack)
- Environments: .env.local

  Creating an optimized production build ...
Γ£ô Compiled successfully in 28.9s
  Running TypeScript ...
node : Failed to compile.
At line:1 char:1
+ node .\node_modules\next\dist\bin\next build > build_output.txt 2>&1
+ ~~~~~~~~~~~~~~~~~~~~~~~~~~~~~~~~~~~~~~~~~~~~~~~~~~~~~~~~~~~~~~~~~~~~
    + CategoryInfo          : NotSpecified: (Failed to compile.:String) [], RemoteException
    + FullyQualifiedErrorId : NativeCommandError
 

./src/app/dashboard/components/page.tsx:202:55
Type error: Parameter 'tag' implicitly has an 'any' type.

[0m [90m 200 |[39m                        [33m<[39m[33mh2[39m className[33m=[39m[32m"text-3xl font-black 
tracking-tight 
text-zinc-950"[39m[33m>[39m{selectedComponent[33m.[39mname}[33m<[39m[33m/[39m[33mh2[39m[33m>[39m
 [90m 201 |[39m                        [33m<[39m[33mdiv[39m className[33m=[39m[32m"flex flex-wrap 
gap-2"[39m[33m>[39m
[31m[1m>[22m[39m[90m 202 |[39m                           {selectedComponent[33m.[39mtags[33m.[39mmap(tag 
[33m=>[39m (
 [90m     |[39m                                                       [31m[1m^[22m[39m
 [90m 203 |[39m                             [33m<[39m[33mspan[39m key[33m=[39m{tag} 
className[33m=[39m[32m"px-3 py-1 bg-zinc-50 rounded-lg text-[11px] font-bold text-zinc-500 border 
border-zinc-100"[39m[33m>[39m[33m#[39m{tag}[33m<[39m[33m/[39m[33mspan[39m[33m>[39m
 [90m 204 |[39m                           ))}
 [90m 205 |[39m                        [33m<[39m[33m/[39m[33mdiv[39m[33m>[39m[0m
Next.js build worker exited with code: 1 and signal: null
